// Jest Snapshot v1, https://goo.gl/fbAQLP

exports[`action loadCharactersActionCreator works fine 1`] = `
Object {
  "characters": Array [
    Object {
      "test": "character",
    },
  ],
  "type": "CHARACTERS_LIST_LOADED",
}
`;
